<?xml version="1.0" encoding="ISO-8859-1" ?>
<link_info>
   <banner>TMS320C2000 Linker PC v22.6.0.LTS</banner>
   <copyright>Copyright (c) 1996-2018 Texas Instruments Incorporated</copyright>
   <link_time>0x66bf0c0e</link_time>
   <link_errors>0x0</link_errors>
   <output_file>clllc_nonpowerSUITE_F28004x.out</output_file>
   <entry_point>
      <name>code_start</name>
      <address>0x80000</address>
   </entry_point>
   <input_file_list>
      <input_file id="fl-2">
         <path>.\</path>
         <kind>object</kind>
         <file>clllc.obj</file>
         <name>clllc.obj</name>
      </input_file>
      <input_file id="fl-3">
         <path>.\</path>
         <kind>object</kind>
         <file>clllc_clatasks.obj</file>
         <name>clllc_clatasks.obj</name>
      </input_file>
      <input_file id="fl-4">
         <path>.\</path>
         <kind>object</kind>
         <file>clllc_hal.obj</file>
         <name>clllc_hal.obj</name>
      </input_file>
      <input_file id="fl-5">
         <path>.\</path>
         <kind>object</kind>
         <file>clllc_main.obj</file>
         <name>clllc_main.obj</name>
      </input_file>
      <input_file id="fl-6">
         <path>.\device\</path>
         <kind>object</kind>
         <file>device.obj</file>
         <name>device.obj</name>
      </input_file>
      <input_file id="fl-7">
         <path>.\device\</path>
         <kind>object</kind>
         <file>f28004x_codestartbranch.obj</file>
         <name>f28004x_codestartbranch.obj</name>
      </input_file>
      <input_file id="fl-8">
         <path>.\libraries\DCL\</path>
         <kind>object</kind>
         <file>DCL_DF22_C1.obj</file>
         <name>DCL_DF22_C1.obj</name>
      </input_file>
      <input_file id="fl-9">
         <path>.\libraries\DCL\</path>
         <kind>object</kind>
         <file>DCL_PI_C1.obj</file>
         <name>DCL_PI_C1.obj</name>
      </input_file>
      <input_file id="fl-a">
         <path>.\libraries\DCL\</path>
         <kind>object</kind>
         <file>DCL_PI_C4.obj</file>
         <name>DCL_PI_C4.obj</name>
      </input_file>
      <input_file id="fl-b">
         <path>.\libraries\DCL\</path>
         <kind>object</kind>
         <file>DCL_PI_L1.obj</file>
         <name>DCL_PI_L1.obj</name>
      </input_file>
      <input_file id="fl-c">
         <path>.\libraries\sfra\</path>
         <kind>object</kind>
         <file>sfra_gui_scicomms_driverlib.obj</file>
         <name>sfra_gui_scicomms_driverlib.obj</name>
      </input_file>
      <input_file id="fl-18">
         <kind>object</kind>
         <file>&lt;internal&gt;</file>
         <name>&lt;internal&gt;</name>
      </input_file>
      <input_file id="fl-19">
         <path>C:\Users\ZXC\Documents\mcu project\ti-project\clllc_nonpowerSUITE_F28004x\libraries\sfra\</path>
         <kind>archive</kind>
         <file>sfra_f32_tmu_eabi.lib</file>
         <name>sfra_f32_tmu_background.obj</name>
      </input_file>
      <input_file id="fl-1a">
         <path>C:\Users\ZXC\Documents\mcu project\ti-project\clllc_nonpowerSUITE_F28004x\libraries\sfra\</path>
         <kind>archive</kind>
         <file>sfra_f32_tmu_eabi.lib</file>
         <name>sfra_f32_tmu_config_reset.obj</name>
      </input_file>
      <input_file id="fl-1b">
         <path>C:\Users\ZXC\Documents\mcu project\ti-project\clllc_nonpowerSUITE_F28004x\device\driverlib\ccs\Release\</path>
         <kind>archive</kind>
         <file>driverlib_eabi.lib</file>
         <name>adc.obj</name>
      </input_file>
      <input_file id="fl-1c">
         <path>C:\Users\ZXC\Documents\mcu project\ti-project\clllc_nonpowerSUITE_F28004x\device\driverlib\ccs\Release\</path>
         <kind>archive</kind>
         <file>driverlib_eabi.lib</file>
         <name>cmpss.obj</name>
      </input_file>
      <input_file id="fl-1d">
         <path>C:\Users\ZXC\Documents\mcu project\ti-project\clllc_nonpowerSUITE_F28004x\device\driverlib\ccs\Release\</path>
         <kind>archive</kind>
         <file>driverlib_eabi.lib</file>
         <name>cputimer.obj</name>
      </input_file>
      <input_file id="fl-1e">
         <path>C:\Users\ZXC\Documents\mcu project\ti-project\clllc_nonpowerSUITE_F28004x\device\driverlib\ccs\Release\</path>
         <kind>archive</kind>
         <file>driverlib_eabi.lib</file>
         <name>flash.obj</name>
      </input_file>
      <input_file id="fl-1f">
         <path>C:\Users\ZXC\Documents\mcu project\ti-project\clllc_nonpowerSUITE_F28004x\device\driverlib\ccs\Release\</path>
         <kind>archive</kind>
         <file>driverlib_eabi.lib</file>
         <name>gpio.obj</name>
      </input_file>
      <input_file id="fl-20">
         <path>C:\Users\ZXC\Documents\mcu project\ti-project\clllc_nonpowerSUITE_F28004x\device\driverlib\ccs\Release\</path>
         <kind>archive</kind>
         <file>driverlib_eabi.lib</file>
         <name>interrupt.obj</name>
      </input_file>
      <input_file id="fl-21">
         <path>C:\Users\ZXC\Documents\mcu project\ti-project\clllc_nonpowerSUITE_F28004x\device\driverlib\ccs\Release\</path>
         <kind>archive</kind>
         <file>driverlib_eabi.lib</file>
         <name>sci.obj</name>
      </input_file>
      <input_file id="fl-22">
         <path>C:\Users\ZXC\Documents\mcu project\ti-project\clllc_nonpowerSUITE_F28004x\device\driverlib\ccs\Release\</path>
         <kind>archive</kind>
         <file>driverlib_eabi.lib</file>
         <name>sysctl.obj</name>
      </input_file>
      <input_file id="fl-23">
         <path>C:\Users\ZXC\Documents\mcu project\ti-project\clllc_nonpowerSUITE_F28004x\device\driverlib\ccs\Release\</path>
         <kind>archive</kind>
         <file>driverlib_eabi.lib</file>
         <name>xbar.obj</name>
      </input_file>
      <input_file id="fl-24">
         <path>C:\Users\ZXC\Documents\mcu project\ti-project\clllc_nonpowerSUITE_F28004x\libraries\FPUfastRTS\</path>
         <kind>archive</kind>
         <file>rts2800_fpu32_fast_supplement_eabi.lib</file>
         <name>div_f32.obj</name>
      </input_file>
      <input_file id="fl-25">
         <path>C:\Users\ZXC\Documents\mcu project\ti-project\clllc_nonpowerSUITE_F28004x\libraries\FPUfastRTS\</path>
         <kind>archive</kind>
         <file>rts2800_fpu32_fast_supplement_eabi.lib</file>
         <name>log_f32.obj</name>
      </input_file>
      <input_file id="fl-26">
         <path>C:\Users\ZXC\Documents\mcu project\ti-project\clllc_nonpowerSUITE_F28004x\libraries\FPUfastRTS\</path>
         <kind>archive</kind>
         <file>rts2800_fpu32_fast_supplement_eabi.lib</file>
         <name>logtable_f32.obj</name>
      </input_file>
      <input_file id="fl-27">
         <path>C:\ti\ccs1240\ccs\tools\compiler\ti-cgt-c2000_22.6.0.LTS\lib\</path>
         <kind>archive</kind>
         <file>rts2800_fpu32_eabi.lib</file>
         <name>boot28.asm.obj</name>
      </input_file>
      <input_file id="fl-28">
         <path>C:\ti\ccs1240\ccs\tools\compiler\ti-cgt-c2000_22.6.0.LTS\lib\</path>
         <kind>archive</kind>
         <file>rts2800_fpu32_eabi.lib</file>
         <name>ll_cmp28.asm.obj</name>
      </input_file>
      <input_file id="fl-29">
         <path>C:\ti\ccs1240\ccs\tools\compiler\ti-cgt-c2000_22.6.0.LTS\lib\</path>
         <kind>archive</kind>
         <file>rts2800_fpu32_eabi.lib</file>
         <name>memcpy.c.obj</name>
      </input_file>
      <input_file id="fl-2a">
         <path>C:\ti\ccs1240\ccs\tools\compiler\ti-cgt-c2000_22.6.0.LTS\lib\</path>
         <kind>archive</kind>
         <file>rts2800_fpu32_eabi.lib</file>
         <name>pre_init.c.obj</name>
      </input_file>
      <input_file id="fl-2b">
         <path>C:\ti\ccs1240\ccs\tools\compiler\ti-cgt-c2000_22.6.0.LTS\lib\</path>
         <kind>archive</kind>
         <file>rts2800_fpu32_eabi.lib</file>
         <name>autoinit.c.obj</name>
      </input_file>
      <input_file id="fl-2c">
         <path>C:\ti\ccs1240\ccs\tools\compiler\ti-cgt-c2000_22.6.0.LTS\lib\</path>
         <kind>archive</kind>
         <file>rts2800_fpu32_eabi.lib</file>
         <name>copy_zero_init.c.obj</name>
      </input_file>
      <input_file id="fl-2d">
         <path>C:\ti\ccs1240\ccs\tools\compiler\ti-cgt-c2000_22.6.0.LTS\lib\</path>
         <kind>archive</kind>
         <file>rts2800_fpu32_eabi.lib</file>
         <name>copy_decompress_none.c.obj</name>
      </input_file>
      <input_file id="fl-2e">
         <path>C:\ti\ccs1240\ccs\tools\compiler\ti-cgt-c2000_22.6.0.LTS\lib\</path>
         <kind>archive</kind>
         <file>rts2800_fpu32_eabi.lib</file>
         <name>copy_decompress_lzss.c.obj</name>
      </input_file>
      <input_file id="fl-2f">
         <path>C:\ti\ccs1240\ccs\tools\compiler\ti-cgt-c2000_22.6.0.LTS\lib\</path>
         <kind>archive</kind>
         <file>rts2800_fpu32_eabi.lib</file>
         <name>exit.c.obj</name>
      </input_file>
      <input_file id="fl-30">
         <path>C:\ti\ccs1240\ccs\tools\compiler\ti-cgt-c2000_22.6.0.LTS\lib\</path>
         <kind>archive</kind>
         <file>rts2800_fpu32_eabi.lib</file>
         <name>_lock.c.obj</name>
      </input_file>
      <input_file id="fl-31">
         <path>C:\ti\ccs1240\ccs\tools\compiler\ti-cgt-c2000_22.6.0.LTS\lib\</path>
         <kind>archive</kind>
         <file>rts2800_fpu32_eabi.lib</file>
         <name>args_main.c.obj</name>
      </input_file>
      <input_file id="fl-32">
         <path>C:\ti\ccs1240\ccs\tools\compiler\ti-cgt-c2000_22.6.0.LTS\lib\</path>
         <kind>archive</kind>
         <file>rts2800_fpu32_eabi.lib</file>
         <name>memset.c.obj</name>
      </input_file>
      <input_file id="fl-33">
         <path>C:\ti\ccs1240\ccs\tools\compiler\ti-cgt-c2000_22.6.0.LTS\lib\</path>
         <kind>archive</kind>
         <file>rts2800_fpu32_eabi.lib</file>
         <name>cpy_tbl.c.obj</name>
      </input_file>
      <input_file id="fl-34">
         <path>C:\ti\ccs1240\ccs\tools\compiler\ti-cgt-c2000_22.6.0.LTS\lib\</path>
         <kind>archive</kind>
         <file>rts2800_fpu32_eabi.lib</file>
         <name>startup.c.obj</name>
      </input_file>
      <input_file id="fl-35">
         <path>C:\Users\ZXC\Documents\mcu project\ti-project\clllc_nonpowerSUITE_F28004x\libraries\SFO\</path>
         <kind>archive</kind>
         <file>SFO_v8_fpu_lib_build_c28_driverlib_eabi.lib</file>
         <name>SFO_v8_fpu_lib_build_c28_driverlib.obj</name>
      </input_file>
   </input_file_list>
   <object_component_list>
      <object_component id="oc-2a">
         <name>codestart</name>
         <load_address>0x80000</load_address>
         <run_address>0x80000</run_address>
         <size>0x2</size>
         <input_file_ref idref="fl-7"/>
      </object_component>
      <object_component id="oc-8e">
         <name>.text</name>
         <load_address>0x81000</load_address>
         <run_address>0x81000</run_address>
         <size>0xb20</size>
         <input_file_ref idref="fl-4"/>
      </object_component>
      <object_component id="oc-88">
         <name>.text</name>
         <load_address>0x81b20</load_address>
         <run_address>0x81b20</run_address>
         <size>0x410</size>
         <input_file_ref idref="fl-2"/>
      </object_component>
      <object_component id="oc-25f">
         <name>.text:SysCtl_isPLLValid</name>
         <load_address>0x81f30</load_address>
         <run_address>0x81f30</run_address>
         <size>0xb7</size>
         <input_file_ref idref="fl-22"/>
      </object_component>
      <object_component id="oc-109">
         <name>.text:CMPSS_configFilterHigh</name>
         <load_address>0x81fe7</load_address>
         <run_address>0x81fe7</run_address>
         <size>0x19</size>
         <input_file_ref idref="fl-1c"/>
      </object_component>
      <object_component id="oc-d6">
         <name>.text</name>
         <load_address>0x82000</load_address>
         <run_address>0x82000</run_address>
         <size>0x402</size>
         <input_file_ref idref="fl-c"/>
      </object_component>
      <object_component id="oc-133">
         <name>.text:SFO</name>
         <load_address>0x82402</load_address>
         <run_address>0x82402</run_address>
         <size>0x1f1</size>
         <input_file_ref idref="fl-35"/>
      </object_component>
      <object_component id="oc-42">
         <name>.text</name>
         <load_address>0x825f3</load_address>
         <run_address>0x825f3</run_address>
         <size>0x129</size>
         <input_file_ref idref="fl-5"/>
      </object_component>
      <object_component id="oc-13a">
         <name>.text</name>
         <load_address>0x8271c</load_address>
         <run_address>0x8271c</run_address>
         <size>0x10e</size>
         <input_file_ref idref="fl-6"/>
      </object_component>
      <object_component id="oc-1d0">
         <name>.text:SysCtl_setClock</name>
         <load_address>0x8282a</load_address>
         <run_address>0x8282a</run_address>
         <size>0xad</size>
         <input_file_ref idref="fl-22"/>
      </object_component>
      <object_component id="oc-140">
         <name>.text:Interrupt_initModule</name>
         <load_address>0x828d7</load_address>
         <run_address>0x828d7</run_address>
         <size>0x41</size>
         <input_file_ref idref="fl-20"/>
      </object_component>
      <object_component id="oc-12d">
         <name>.text:GPIO_setPadConfig</name>
         <load_address>0x82918</load_address>
         <run_address>0x82918</run_address>
         <size>0x3f</size>
         <input_file_ref idref="fl-1f"/>
      </object_component>
      <object_component id="oc-2be">
         <name>.text:SysCtl_pollX1Counter</name>
         <load_address>0x82957</load_address>
         <run_address>0x82957</run_address>
         <size>0x3e</size>
         <input_file_ref idref="fl-22"/>
      </object_component>
      <object_component id="oc-185">
         <name>.text</name>
         <load_address>0x82995</load_address>
         <run_address>0x82995</run_address>
         <size>0x38</size>
         <input_file_ref idref="fl-25"/>
      </object_component>
      <object_component id="oc-2a2">
         <name>.text:SysCtl_selectXTAL</name>
         <load_address>0x829cd</load_address>
         <run_address>0x829cd</run_address>
         <size>0x37</size>
         <input_file_ref idref="fl-22"/>
      </object_component>
      <object_component id="oc-94">
         <name>.text:Interrupt_enable</name>
         <load_address>0x82a04</load_address>
         <run_address>0x82a04</run_address>
         <size>0x36</size>
         <input_file_ref idref="fl-20"/>
      </object_component>
      <object_component id="oc-14c">
         <name>.text:ADC_setVREF</name>
         <load_address>0x82a3a</load_address>
         <run_address>0x82a3a</run_address>
         <size>0x30</size>
         <input_file_ref idref="fl-1b"/>
      </object_component>
      <object_component id="oc-fd">
         <name>.text:GPIO_setPinConfig</name>
         <load_address>0x82a6a</load_address>
         <run_address>0x82a6a</run_address>
         <size>0x30</size>
         <input_file_ref idref="fl-1f"/>
      </object_component>
      <object_component id="oc-c9">
         <name>.text:XBAR_getInputFlagStatus</name>
         <load_address>0x82a9a</load_address>
         <run_address>0x82a9a</run_address>
         <size>0x2f</size>
         <input_file_ref idref="fl-23"/>
      </object_component>
      <object_component id="oc-1d">
         <name>.text:decompress:lzss</name>
         <load_address>0x82ac9</load_address>
         <run_address>0x82ac9</run_address>
         <size>0x2e</size>
         <input_file_ref idref="fl-2e"/>
      </object_component>
      <object_component id="oc-259">
         <name>.text:SysCtl_selectOscSource</name>
         <load_address>0x82af7</load_address>
         <run_address>0x82af7</run_address>
         <size>0x2d</size>
         <input_file_ref idref="fl-22"/>
      </object_component>
      <object_component id="oc-115">
         <name>.text:XBAR_setEPWMMuxConfig</name>
         <load_address>0x82b24</load_address>
         <run_address>0x82b24</run_address>
         <size>0x2b</size>
         <input_file_ref idref="fl-23"/>
      </object_component>
      <object_component id="oc-1f1">
         <name>.text:__TI_auto_init_nobinit_nopinit</name>
         <load_address>0x82b4f</load_address>
         <run_address>0x82b4f</run_address>
         <size>0x2b</size>
         <input_file_ref idref="fl-2b"/>
      </object_component>
      <object_component id="oc-17a">
         <name>.text</name>
         <load_address>0x82b7a</load_address>
         <run_address>0x82b7a</run_address>
         <size>0x29</size>
         <input_file_ref idref="fl-2f"/>
      </object_component>
      <object_component id="oc-cf">
         <name>.text:XBAR_clearInputFlag</name>
         <load_address>0x82ba3</load_address>
         <run_address>0x82ba3</run_address>
         <size>0x28</size>
         <input_file_ref idref="fl-23"/>
      </object_component>
      <object_component id="oc-eb">
         <name>.text:XBAR_setOutputMuxConfig</name>
         <load_address>0x82bcb</load_address>
         <run_address>0x82bcb</run_address>
         <size>0x25</size>
         <input_file_ref idref="fl-23"/>
      </object_component>
      <object_component id="oc-11b">
         <name>.text:SCI_setConfig</name>
         <load_address>0x82bf0</load_address>
         <run_address>0x82bf0</run_address>
         <size>0x23</size>
         <input_file_ref idref="fl-21"/>
      </object_component>
      <object_component id="oc-f7">
         <name>.text:GPIO_setQualificationMode</name>
         <load_address>0x82c13</load_address>
         <run_address>0x82c13</run_address>
         <size>0x22</size>
         <input_file_ref idref="fl-1f"/>
      </object_component>
      <object_component id="oc-f1">
         <name>.text:GPIO_setDirectionMode</name>
         <load_address>0x82c35</load_address>
         <run_address>0x82c35</run_address>
         <size>0x20</size>
         <input_file_ref idref="fl-1f"/>
      </object_component>
      <object_component id="oc-29c">
         <name>.text:SysCtl_selectXTALSingleEnded</name>
         <load_address>0x82c55</load_address>
         <run_address>0x82c55</run_address>
         <size>0x1e</size>
         <input_file_ref idref="fl-22"/>
      </object_component>
      <object_component id="oc-6e">
         <name>.text</name>
         <load_address>0x82c73</load_address>
         <run_address>0x82c73</run_address>
         <size>0x1d</size>
         <input_file_ref idref="fl-29"/>
      </object_component>
      <object_component id="oc-121">
         <name>.text:SCI_clearInterruptStatus</name>
         <load_address>0x82c90</load_address>
         <run_address>0x82c90</run_address>
         <size>0x1c</size>
         <input_file_ref idref="fl-21"/>
      </object_component>
      <object_component id="oc-1e1">
         <name>.text:ADC_setOffsetTrimAll</name>
         <load_address>0x82cac</load_address>
         <run_address>0x82cac</run_address>
         <size>0x1b</size>
         <input_file_ref idref="fl-1b"/>
      </object_component>
      <object_component id="oc-127">
         <name>.text:SCI_enableInterrupt</name>
         <load_address>0x82cc7</load_address>
         <run_address>0x82cc7</run_address>
         <size>0x1a</size>
         <input_file_ref idref="fl-21"/>
      </object_component>
      <object_component id="oc-10f">
         <name>.text:CMPSS_configFilterLow</name>
         <load_address>0x82ce1</load_address>
         <run_address>0x82ce1</run_address>
         <size>0x19</size>
         <input_file_ref idref="fl-1c"/>
      </object_component>
      <object_component id="oc-c3">
         <name>.text</name>
         <load_address>0x82cfa</load_address>
         <run_address>0x82cfa</run_address>
         <size>0x17</size>
         <input_file_ref idref="fl-27"/>
      </object_component>
      <object_component id="oc-103">
         <name>.text:CMPSS_configLatchOnPWMSYNC</name>
         <load_address>0x82d11</load_address>
         <run_address>0x82d11</run_address>
         <size>0x15</size>
         <input_file_ref idref="fl-1c"/>
      </object_component>
      <object_component id="oc-57">
         <name>.text:Interrupt_initVectorTable</name>
         <load_address>0x82d26</load_address>
         <run_address>0x82d26</run_address>
         <size>0x15</size>
         <input_file_ref idref="fl-20"/>
      </object_component>
      <object_component id="oc-65">
         <name>.text:Interrupt_defaultHandler</name>
         <load_address>0x82d3b</load_address>
         <run_address>0x82d3b</run_address>
         <size>0xc</size>
         <input_file_ref idref="fl-20"/>
      </object_component>
      <object_component id="oc-174">
         <name>.text</name>
         <load_address>0x82d47</load_address>
         <run_address>0x82d47</run_address>
         <size>0xc</size>
         <input_file_ref idref="fl-31"/>
      </object_component>
      <object_component id="oc-5f">
         <name>.text:Interrupt_illegalOperationHandler</name>
         <load_address>0x82d53</load_address>
         <run_address>0x82d53</run_address>
         <size>0xa</size>
         <input_file_ref idref="fl-20"/>
      </object_component>
      <object_component id="oc-53">
         <name>.text:Interrupt_nmiHandler</name>
         <load_address>0x82d5d</load_address>
         <run_address>0x82d5d</run_address>
         <size>0xa</size>
         <input_file_ref idref="fl-20"/>
      </object_component>
      <object_component id="oc-290">
         <name>.text</name>
         <load_address>0x82d67</load_address>
         <run_address>0x82d67</run_address>
         <size>0x9</size>
         <input_file_ref idref="fl-30"/>
      </object_component>
      <object_component id="oc-23">
         <name>.text:decompress:none</name>
         <load_address>0x82d70</load_address>
         <run_address>0x82d70</run_address>
         <size>0x8</size>
         <input_file_ref idref="fl-2d"/>
      </object_component>
      <object_component id="oc-82">
         <name>.text</name>
         <load_address>0x82d78</load_address>
         <run_address>0x82d78</run_address>
         <size>0x8</size>
         <input_file_ref idref="fl-7"/>
      </object_component>
      <object_component id="oc-bc">
         <name>.text</name>
         <load_address>0x82d80</load_address>
         <run_address>0x82d80</run_address>
         <size>0x7</size>
         <input_file_ref idref="fl-32"/>
      </object_component>
      <object_component id="oc-146">
         <name>.text:CPUTimer_setEmulationMode</name>
         <load_address>0x82d87</load_address>
         <run_address>0x82d87</run_address>
         <size>0x6</size>
         <input_file_ref idref="fl-1d"/>
      </object_component>
      <object_component id="oc-7c">
         <name>.text:decompress:ZI</name>
         <load_address>0x82d8d</load_address>
         <run_address>0x82d8d</run_address>
         <size>0x6</size>
         <input_file_ref idref="fl-2c"/>
      </object_component>
      <object_component id="oc-16d">
         <name>.text</name>
         <load_address>0x82d93</load_address>
         <run_address>0x82d93</run_address>
         <size>0x2</size>
         <input_file_ref idref="fl-2a"/>
      </object_component>
      <object_component id="oc-276">
         <name>.text</name>
         <load_address>0x82d95</load_address>
         <run_address>0x82d95</run_address>
         <size>0x1</size>
         <input_file_ref idref="fl-34"/>
      </object_component>
      <object_component id="oc-304">
         <name>.cinit..data.load</name>
         <load_address>0x986fc</load_address>
         <run_address>0x986fc</run_address>
         <size>0x1d</size>
      </object_component>
      <object_component id="oc-2fa">
         <name>__TI_handler_table</name>
         <load_address>0x9871a</load_address>
         <run_address>0x9871a</run_address>
         <size>0x6</size>
      </object_component>
      <object_component id="oc-306">
         <name>.cinit..bss.load</name>
         <load_address>0x98720</load_address>
         <run_address>0x98720</run_address>
         <size>0x4</size>
      </object_component>
      <object_component id="oc-2fe">
         <name>.cinit.controlVariables.load</name>
         <load_address>0x98724</load_address>
         <run_address>0x98724</run_address>
         <size>0x4</size>
      </object_component>
      <object_component id="oc-2fb">
         <name>__TI_cinit_table</name>
         <load_address>0x98728</load_address>
         <run_address>0x98728</run_address>
         <size>0xc</size>
      </object_component>
      <object_component id="oc-6b">
         <name>.stack</name>
         <uninitialized>true</uninitialized>
         <run_address>0x400</run_address>
         <size>0x0</size>
         <input_file_ref idref="fl-27"/>
      </object_component>
      <object_component id="oc-2ff">
         <name>.stack</name>
         <uninitialized>true</uninitialized>
         <run_address>0x400</run_address>
         <size>0x0</size>
      </object_component>
      <object_component id="oc-1cb">
         <name>.data:ePWM</name>
         <load_address>0xb800</load_address>
         <run_address>0xb800</run_address>
         <size>0x12</size>
         <input_file_ref idref="fl-4"/>
      </object_component>
      <object_component id="oc-223">
         <name>.data</name>
         <load_address>0xb812</load_address>
         <run_address>0xb812</run_address>
         <size>0x6</size>
         <input_file_ref idref="fl-2f"/>
      </object_component>
      <object_component id="oc-226">
         <name>.data:_lock</name>
         <load_address>0xb818</load_address>
         <run_address>0xb818</run_address>
         <size>0x2</size>
         <input_file_ref idref="fl-30"/>
      </object_component>
      <object_component id="oc-2b7">
         <name>.data:_unlock</name>
         <load_address>0xb81a</load_address>
         <run_address>0xb81a</run_address>
         <size>0x2</size>
         <input_file_ref idref="fl-30"/>
      </object_component>
      <object_component id="oc-1c4">
         <name>.data</name>
         <load_address>0xb81c</load_address>
         <run_address>0xb81c</run_address>
         <size>0x1</size>
         <input_file_ref idref="fl-35"/>
      </object_component>
      <object_component id="oc-ea">
         <name>.data</name>
         <load_address>0xb81d</load_address>
         <run_address>0xb81d</run_address>
         <size>0x1</size>
         <input_file_ref idref="fl-4"/>
      </object_component>
      <object_component id="oc-dc">
         <name>.bss:CLLLC_dBuff1</name>
         <uninitialized>true</uninitialized>
         <run_address>0x12000</run_address>
         <size>0xc8</size>
         <input_file_ref idref="fl-2"/>
      </object_component>
      <object_component id="oc-df">
         <name>.bss:CLLLC_dBuff2</name>
         <uninitialized>true</uninitialized>
         <run_address>0x120c8</run_address>
         <size>0xc8</size>
         <input_file_ref idref="fl-2"/>
      </object_component>
      <object_component id="oc-e2">
         <name>.bss:CLLLC_dBuff3</name>
         <uninitialized>true</uninitialized>
         <run_address>0x12190</run_address>
         <size>0xc8</size>
         <input_file_ref idref="fl-2"/>
      </object_component>
      <object_component id="oc-e5">
         <name>.bss:CLLLC_dBuff4</name>
         <uninitialized>true</uninitialized>
         <run_address>0x12258</run_address>
         <size>0xc8</size>
         <input_file_ref idref="fl-2"/>
      </object_component>
      <object_component id="oc-19c">
         <name>.bss:SFRA_GUI_arrayGetList</name>
         <uninitialized>true</uninitialized>
         <run_address>0x12320</run_address>
         <size>0x20</size>
         <input_file_ref idref="fl-c"/>
      </object_component>
      <object_component id="oc-a9">
         <name>.bss</name>
         <uninitialized>true</uninitialized>
         <run_address>0x12340</run_address>
         <size>0x60</size>
         <input_file_ref idref="fl-2"/>
      </object_component>
      <object_component id="oc-1a2">
         <name>.bss:SFRA_GUI_cmdDispatcher</name>
         <uninitialized>true</uninitialized>
         <run_address>0x123a0</run_address>
         <size>0x20</size>
         <input_file_ref idref="fl-c"/>
      </object_component>
      <object_component id="oc-18a">
         <name>.bss</name>
         <uninitialized>true</uninitialized>
         <run_address>0x123c0</run_address>
         <size>0x22</size>
         <input_file_ref idref="fl-c"/>
      </object_component>
      <object_component id="oc-199">
         <name>.bss:SFRA_GUI_dataSetList</name>
         <uninitialized>true</uninitialized>
         <run_address>0x123e2</run_address>
         <size>0x20</size>
         <input_file_ref idref="fl-c"/>
      </object_component>
      <object_component id="oc-19f">
         <name>.bss:SFRA_GUI_varGetList</name>
         <uninitialized>true</uninitialized>
         <run_address>0x12402</run_address>
         <size>0x20</size>
         <input_file_ref idref="fl-c"/>
      </object_component>
      <object_component id="oc-190">
         <name>.bss:SFRA_GUI_varSetBtnList</name>
         <uninitialized>true</uninitialized>
         <run_address>0x12422</run_address>
         <size>0x20</size>
         <input_file_ref idref="fl-c"/>
      </object_component>
      <object_component id="oc-196">
         <name>.bss:SFRA_GUI_varSetSldrList</name>
         <uninitialized>true</uninitialized>
         <run_address>0x12442</run_address>
         <size>0x20</size>
         <input_file_ref idref="fl-c"/>
      </object_component>
      <object_component id="oc-193">
         <name>.bss:SFRA_GUI_varSetTxtList</name>
         <uninitialized>true</uninitialized>
         <run_address>0x12462</run_address>
         <size>0x20</size>
         <input_file_ref idref="fl-c"/>
      </object_component>
      <object_component id="oc-1c5">
         <name>.bss:MEP_SF</name>
         <uninitialized>true</uninitialized>
         <run_address>0x12482</run_address>
         <size>0x9</size>
         <input_file_ref idref="fl-35"/>
      </object_component>
      <object_component id="oc-1c8">
         <name>.bss</name>
         <uninitialized>true</uninitialized>
         <run_address>0x1248b</run_address>
         <size>0x1</size>
         <input_file_ref idref="fl-4"/>
      </object_component>
      <object_component id="oc-9a">
         <name>.bss</name>
         <uninitialized>true</uninitialized>
         <run_address>0x1248c</run_address>
         <size>0x8</size>
         <input_file_ref idref="fl-5"/>
      </object_component>
      <object_component id="oc-18d">
         <name>.bss:SFRA_GUI_cmdPacket</name>
         <uninitialized>true</uninitialized>
         <run_address>0x12494</run_address>
         <size>0x6</size>
         <input_file_ref idref="fl-c"/>
      </object_component>
      <object_component id="oc-1c1">
         <name>.bss</name>
         <uninitialized>true</uninitialized>
         <run_address>0x1249a</run_address>
         <size>0x5</size>
         <input_file_ref idref="fl-35"/>
      </object_component>
      <object_component id="oc-9d">
         <name>.bss:vTimer0</name>
         <uninitialized>true</uninitialized>
         <run_address>0x1249f</run_address>
         <size>0x4</size>
         <input_file_ref idref="fl-5"/>
      </object_component>
      <object_component id="oc-a0">
         <name>.bss:vTimer1</name>
         <uninitialized>true</uninitialized>
         <run_address>0x124a3</run_address>
         <size>0x4</size>
         <input_file_ref idref="fl-5"/>
      </object_component>
      <object_component id="oc-d5">
         <name>.text</name>
         <load_address>0x86000</load_address>
         <run_address>0xc000</run_address>
         <size>0x1fa</size>
         <input_file_ref idref="fl-19"/>
      </object_component>
      <object_component id="oc-184">
         <name>SFRA_F32_Data</name>
         <load_address>0x86200</load_address>
         <run_address>0xc200</run_address>
         <size>0x22</size>
         <input_file_ref idref="fl-1a"/>
      </object_component>
      <object_component id="oc-1d6">
         <name>.TI.ramfunc:Flash_initModule</name>
         <load_address>0x86222</load_address>
         <run_address>0xc222</run_address>
         <size>0x45</size>
         <input_file_ref idref="fl-1e"/>
      </object_component>
      <object_component id="oc-139">
         <name>.TI.ramfunc</name>
         <load_address>0x86267</load_address>
         <run_address>0xc267</run_address>
         <size>0x4</size>
         <input_file_ref idref="fl-22"/>
      </object_component>
      <object_component id="oc-41">
         <name>ramfuncs:retain</name>
         <load_address>0x8626b</load_address>
         <run_address>0xc26b</run_address>
         <size>0x3c</size>
         <input_file_ref idref="fl-5"/>
      </object_component>
      <object_component id="oc-22e">
         <name>FPUmathTables</name>
         <load_address>0x9f000</load_address>
         <run_address>0x9f000</run_address>
         <size>0xd0</size>
         <input_file_ref idref="fl-26"/>
      </object_component>
      <object_component id="oc-a3">
         <name>controlVariables</name>
         <uninitialized>true</uninitialized>
         <run_address>0x8000</run_address>
         <size>0x124</size>
         <input_file_ref idref="fl-2"/>
      </object_component>
      <object_component id="oc-4d">
         <name>isrcodefuncs:retain</name>
         <load_address>0x98000</load_address>
         <run_address>0x9000</run_address>
         <size>0x6fa</size>
         <input_file_ref idref="fl-5"/>
      </object_component>
      <object_component id="oc-e9">
         <name>.debug_types</name>
         <load_address>0x0</load_address>
         <run_address>0x0</run_address>
         <size>0x2840</size>
         <input_file_ref idref="fl-2"/>
      </object_component>
      <object_component id="oc-153">
         <name>.debug_types</name>
         <load_address>0x2840</load_address>
         <run_address>0x2840</run_address>
         <size>0x58ab</size>
         <input_file_ref idref="fl-4"/>
      </object_component>
      <object_component id="oc-a7">
         <name>.debug_types</name>
         <load_address>0x80eb</load_address>
         <run_address>0x80eb</run_address>
         <size>0x139</size>
         <input_file_ref idref="fl-5"/>
      </object_component>
      <object_component id="oc-1dd">
         <name>.debug_types</name>
         <load_address>0x8224</load_address>
         <run_address>0x8224</run_address>
         <size>0x25b</size>
         <input_file_ref idref="fl-6"/>
      </object_component>
      <object_component id="oc-1a6">
         <name>.debug_types</name>
         <load_address>0x847f</load_address>
         <run_address>0x847f</run_address>
         <size>0x22f</size>
         <input_file_ref idref="fl-c"/>
      </object_component>
      <object_component id="oc-1e8">
         <name>.debug_types</name>
         <load_address>0x86ae</load_address>
         <run_address>0x86ae</run_address>
         <size>0x1a1</size>
         <input_file_ref idref="fl-1b"/>
      </object_component>
      <object_component id="oc-1b8">
         <name>.debug_types</name>
         <load_address>0x884f</load_address>
         <run_address>0x884f</run_address>
         <size>0x2f</size>
         <input_file_ref idref="fl-1c"/>
      </object_component>
      <object_component id="oc-1e0">
         <name>.debug_types</name>
         <load_address>0x887e</load_address>
         <run_address>0x887e</run_address>
         <size>0x2f</size>
         <input_file_ref idref="fl-1d"/>
      </object_component>
      <object_component id="oc-268">
         <name>.debug_types</name>
         <load_address>0x88ad</load_address>
         <run_address>0x88ad</run_address>
         <size>0x1e9</size>
         <input_file_ref idref="fl-1e"/>
      </object_component>
      <object_component id="oc-1b4">
         <name>.debug_types</name>
         <load_address>0x8a96</load_address>
         <run_address>0x8a96</run_address>
         <size>0x468</size>
         <input_file_ref idref="fl-1f"/>
      </object_component>
      <object_component id="oc-ae">
         <name>.debug_types</name>
         <load_address>0x0</load_address>
         <run_address>0x0</run_address>
         <size>0x0</size>
         <input_file_ref idref="fl-20"/>
      </object_component>
      <object_component id="oc-1bd">
         <name>.debug_types</name>
         <load_address>0x8efe</load_address>
         <run_address>0x8efe</run_address>
         <size>0x1cc</size>
         <input_file_ref idref="fl-21"/>
      </object_component>
      <object_component id="oc-266">
         <name>.debug_types</name>
         <load_address>0x90ca</load_address>
         <run_address>0x90ca</run_address>
         <size>0x34b</size>
         <input_file_ref idref="fl-22"/>
      </object_component>
      <object_component id="oc-182">
         <name>.debug_types</name>
         <load_address>0x9415</load_address>
         <run_address>0x9415</run_address>
         <size>0xe55</size>
         <input_file_ref idref="fl-23"/>
      </object_component>
      <object_component id="oc-b6">
         <name>.debug_types</name>
         <load_address>0xa26a</load_address>
         <run_address>0xa26a</run_address>
         <size>0x142</size>
         <input_file_ref idref="fl-29"/>
      </object_component>
      <object_component id="oc-1f0">
         <name>.debug_types</name>
         <load_address>0x0</load_address>
         <run_address>0x0</run_address>
         <size>0x0</size>
         <input_file_ref idref="fl-2a"/>
      </object_component>
      <object_component id="oc-27d">
         <name>.debug_types</name>
         <load_address>0xa3ac</load_address>
         <run_address>0xa3ac</run_address>
         <size>0x441</size>
         <input_file_ref idref="fl-2b"/>
      </object_component>
      <object_component id="oc-bb">
         <name>.debug_types</name>
         <load_address>0xa7ed</load_address>
         <run_address>0xa7ed</run_address>
         <size>0x165</size>
         <input_file_ref idref="fl-2c"/>
      </object_component>
      <object_component id="oc-75">
         <name>.debug_types</name>
         <load_address>0x0</load_address>
         <run_address>0x0</run_address>
         <size>0x0</size>
         <input_file_ref idref="fl-2d"/>
      </object_component>
      <object_component id="oc-6d">
         <name>.debug_types</name>
         <load_address>0xa952</load_address>
         <run_address>0xa952</run_address>
         <size>0x191</size>
         <input_file_ref idref="fl-2e"/>
      </object_component>
      <object_component id="oc-22a">
         <name>.debug_types</name>
         <load_address>0xaae3</load_address>
         <run_address>0xaae3</run_address>
         <size>0xbf</size>
         <input_file_ref idref="fl-2f"/>
      </object_component>
      <object_component id="oc-298">
         <name>.debug_types</name>
         <load_address>0xaba2</load_address>
         <run_address>0xaba2</run_address>
         <size>0x2f</size>
         <input_file_ref idref="fl-30"/>
      </object_component>
      <object_component id="oc-222">
         <name>.debug_types</name>
         <load_address>0xabd1</load_address>
         <run_address>0xabd1</run_address>
         <size>0xe1</size>
         <input_file_ref idref="fl-31"/>
      </object_component>
      <object_component id="oc-16c">
         <name>.debug_types</name>
         <load_address>0x0</load_address>
         <run_address>0x0</run_address>
         <size>0x0</size>
         <input_file_ref idref="fl-32"/>
      </object_component>
      <object_component id="oc-2b1">
         <name>.debug_types</name>
         <load_address>0x0</load_address>
         <run_address>0x0</run_address>
         <size>0x0</size>
         <input_file_ref idref="fl-34"/>
      </object_component>
      <object_component id="oc-1cf">
         <name>.debug_types</name>
         <load_address>0xacb2</load_address>
         <run_address>0xacb2</run_address>
         <size>0x103</size>
         <input_file_ref idref="fl-35"/>
      </object_component>
      <object_component id="oc-a4">
         <name>.debug_info</name>
         <load_address>0x0</load_address>
         <run_address>0x0</run_address>
         <size>0x16a8</size>
         <input_file_ref idref="fl-2"/>
      </object_component>
      <object_component id="oc-aa">
         <name>.debug_info</name>
         <load_address>0x16a8</load_address>
         <run_address>0x16a8</run_address>
         <size>0x244</size>
         <input_file_ref idref="fl-2"/>
      </object_component>
      <object_component id="oc-dd">
         <name>.debug_info</name>
         <load_address>0x18ec</load_address>
         <run_address>0x18ec</run_address>
         <size>0x102</size>
         <input_file_ref idref="fl-2"/>
      </object_component>
      <object_component id="oc-e0">
         <name>.debug_info</name>
         <load_address>0x19ee</load_address>
         <run_address>0x19ee</run_address>
         <size>0x102</size>
         <input_file_ref idref="fl-2"/>
      </object_component>
      <object_component id="oc-e3">
         <name>.debug_info</name>
         <load_address>0x1af0</load_address>
         <run_address>0x1af0</run_address>
         <size>0x102</size>
         <input_file_ref idref="fl-2"/>
      </object_component>
      <object_component id="oc-e6">
         <name>.debug_info</name>
         <load_address>0x1bf2</load_address>
         <run_address>0x1bf2</run_address>
         <size>0x102</size>
         <input_file_ref idref="fl-2"/>
      </object_component>
      <object_component id="oc-89">
         <name>.debug_info</name>
         <load_address>0x1cf4</load_address>
         <run_address>0x1cf4</run_address>
         <size>0x52e</size>
         <input_file_ref idref="fl-2"/>
      </object_component>
      <object_component id="oc-1c9">
         <name>.debug_info</name>
         <load_address>0x2222</load_address>
         <run_address>0x2222</run_address>
         <size>0x10c</size>
         <input_file_ref idref="fl-4"/>
      </object_component>
      <object_component id="oc-1cc">
         <name>.debug_info</name>
         <load_address>0x232e</load_address>
         <run_address>0x232e</run_address>
         <size>0xf6</size>
         <input_file_ref idref="fl-4"/>
      </object_component>
      <object_component id="oc-8f">
         <name>.debug_info</name>
         <load_address>0x2424</load_address>
         <run_address>0x2424</run_address>
         <size>0x1ac6</size>
         <input_file_ref idref="fl-4"/>
      </object_component>
      <object_component id="oc-9b">
         <name>.debug_info</name>
         <load_address>0x3eea</load_address>
         <run_address>0x3eea</run_address>
         <size>0x185</size>
         <input_file_ref idref="fl-5"/>
      </object_component>
      <object_component id="oc-9e">
         <name>.debug_info</name>
         <load_address>0x406f</load_address>
         <run_address>0x406f</run_address>
         <size>0xfd</size>
         <input_file_ref idref="fl-5"/>
      </object_component>
      <object_component id="oc-a1">
         <name>.debug_info</name>
         <load_address>0x416c</load_address>
         <run_address>0x416c</run_address>
         <size>0xfd</size>
         <input_file_ref idref="fl-5"/>
      </object_component>
      <object_component id="oc-43">
         <name>.debug_info</name>
         <load_address>0x4269</load_address>
         <run_address>0x4269</run_address>
         <size>0x571</size>
         <input_file_ref idref="fl-5"/>
      </object_component>
      <object_component id="oc-4a">
         <name>.debug_info</name>
         <load_address>0x47da</load_address>
         <run_address>0x47da</run_address>
         <size>0x12b</size>
         <input_file_ref idref="fl-5"/>
      </object_component>
      <object_component id="oc-4f">
         <name>.debug_info</name>
         <load_address>0x4905</load_address>
         <run_address>0x4905</run_address>
         <size>0x322</size>
         <input_file_ref idref="fl-5"/>
      </object_component>
      <object_component id="oc-13c">
         <name>.debug_info</name>
         <load_address>0x4c27</load_address>
         <run_address>0x4c27</run_address>
         <size>0x2a2</size>
         <input_file_ref idref="fl-6"/>
      </object_component>
      <object_component id="oc-2b">
         <name>.debug_info</name>
         <load_address>0x4ec9</load_address>
         <run_address>0x4ec9</run_address>
         <size>0x125</size>
         <input_file_ref idref="fl-7"/>
      </object_component>
      <object_component id="oc-83">
         <name>.debug_info</name>
         <load_address>0x4fee</load_address>
         <run_address>0x4fee</run_address>
         <size>0x126</size>
         <input_file_ref idref="fl-7"/>
      </object_component>
      <object_component id="oc-18b">
         <name>.debug_info</name>
         <load_address>0x5114</load_address>
         <run_address>0x5114</run_address>
         <size>0x6ef</size>
         <input_file_ref idref="fl-c"/>
      </object_component>
      <object_component id="oc-18e">
         <name>.debug_info</name>
         <load_address>0x5803</load_address>
         <run_address>0x5803</run_address>
         <size>0x133</size>
         <input_file_ref idref="fl-c"/>
      </object_component>
      <object_component id="oc-1a3">
         <name>.debug_info</name>
         <load_address>0x5936</load_address>
         <run_address>0x5936</run_address>
         <size>0x13b</size>
         <input_file_ref idref="fl-c"/>
      </object_component>
      <object_component id="oc-194">
         <name>.debug_info</name>
         <load_address>0x5a71</load_address>
         <run_address>0x5a71</run_address>
         <size>0x13b</size>
         <input_file_ref idref="fl-c"/>
      </object_component>
      <object_component id="oc-191">
         <name>.debug_info</name>
         <load_address>0x5bac</load_address>
         <run_address>0x5bac</run_address>
         <size>0x13b</size>
         <input_file_ref idref="fl-c"/>
      </object_component>
      <object_component id="oc-197">
         <name>.debug_info</name>
         <load_address>0x5ce7</load_address>
         <run_address>0x5ce7</run_address>
         <size>0x13d</size>
         <input_file_ref idref="fl-c"/>
      </object_component>
      <object_component id="oc-1a0">
         <name>.debug_info</name>
         <load_address>0x5e24</load_address>
         <run_address>0x5e24</run_address>
         <size>0x135</size>
         <input_file_ref idref="fl-c"/>
      </object_component>
      <object_component id="oc-19d">
         <name>.debug_info</name>
         <load_address>0x5f59</load_address>
         <run_address>0x5f59</run_address>
         <size>0x139</size>
         <input_file_ref idref="fl-c"/>
      </object_component>
      <object_component id="oc-19a">
         <name>.debug_info</name>
         <load_address>0x6092</load_address>
         <run_address>0x6092</run_address>
         <size>0x137</size>
         <input_file_ref idref="fl-c"/>
      </object_component>
      <object_component id="oc-d8">
         <name>.debug_info</name>
         <load_address>0x61c9</load_address>
         <run_address>0x61c9</run_address>
         <size>0x1035</size>
         <input_file_ref idref="fl-c"/>
      </object_component>
      <object_component id="oc-1e3">
         <name>.debug_info</name>
         <load_address>0x71fe</load_address>
         <run_address>0x71fe</run_address>
         <size>0x20a</size>
         <input_file_ref idref="fl-1b"/>
      </object_component>
      <object_component id="oc-14d">
         <name>.debug_info</name>
         <load_address>0x7408</load_address>
         <run_address>0x7408</run_address>
         <size>0x246</size>
         <input_file_ref idref="fl-1b"/>
      </object_component>
      <object_component id="oc-107">
         <name>.debug_info</name>
         <load_address>0x764e</load_address>
         <run_address>0x764e</run_address>
         <size>0x238</size>
         <input_file_ref idref="fl-1c"/>
      </object_component>
      <object_component id="oc-113">
         <name>.debug_info</name>
         <load_address>0x7886</load_address>
         <run_address>0x7886</run_address>
         <size>0x267</size>
         <input_file_ref idref="fl-1c"/>
      </object_component>
      <object_component id="oc-10a">
         <name>.debug_info</name>
         <load_address>0x7aed</load_address>
         <run_address>0x7aed</run_address>
         <size>0x269</size>
         <input_file_ref idref="fl-1c"/>
      </object_component>
      <object_component id="oc-148">
         <name>.debug_info</name>
         <load_address>0x7d56</load_address>
         <run_address>0x7d56</run_address>
         <size>0x206</size>
         <input_file_ref idref="fl-1d"/>
      </object_component>
      <object_component id="oc-1d9">
         <name>.debug_info</name>
         <load_address>0x7f5c</load_address>
         <run_address>0x7f5c</run_address>
         <size>0x229</size>
         <input_file_ref idref="fl-1e"/>
      </object_component>
      <object_component id="oc-f8">
         <name>.debug_info</name>
         <load_address>0x8185</load_address>
         <run_address>0x8185</run_address>
         <size>0x210</size>
         <input_file_ref idref="fl-1f"/>
      </object_component>
      <object_component id="oc-100">
         <name>.debug_info</name>
         <load_address>0x8395</load_address>
         <run_address>0x8395</run_address>
         <size>0x1da</size>
         <input_file_ref idref="fl-1f"/>
      </object_component>
      <object_component id="oc-12e">
         <name>.debug_info</name>
         <load_address>0x856f</load_address>
         <run_address>0x856f</run_address>
         <size>0x21e</size>
         <input_file_ref idref="fl-1f"/>
      </object_component>
      <object_component id="oc-f3">
         <name>.debug_info</name>
         <load_address>0x878d</load_address>
         <run_address>0x878d</run_address>
         <size>0x221</size>
         <input_file_ref idref="fl-1f"/>
      </object_component>
      <object_component id="oc-5d">
         <name>.debug_info</name>
         <load_address>0x89ae</load_address>
         <run_address>0x89ae</run_address>
         <size>0x1b4</size>
         <input_file_ref idref="fl-20"/>
      </object_component>
      <object_component id="oc-5b">
         <name>.debug_info</name>
         <load_address>0x8b62</load_address>
         <run_address>0x8b62</run_address>
         <size>0x1ca</size>
         <input_file_ref idref="fl-20"/>
      </object_component>
      <object_component id="oc-144">
         <name>.debug_info</name>
         <load_address>0x8d2c</load_address>
         <run_address>0x8d2c</run_address>
         <size>0x1be</size>
         <input_file_ref idref="fl-20"/>
      </object_component>
      <object_component id="oc-63">
         <name>.debug_info</name>
         <load_address>0x8eea</load_address>
         <run_address>0x8eea</run_address>
         <size>0x1ce</size>
         <input_file_ref idref="fl-20"/>
      </object_component>
      <object_component id="oc-98">
         <name>.debug_info</name>
         <load_address>0x90b8</load_address>
         <run_address>0x90b8</run_address>
         <size>0x206</size>
         <input_file_ref idref="fl-20"/>
      </object_component>
      <object_component id="oc-69">
         <name>.debug_info</name>
         <load_address>0x92be</load_address>
         <run_address>0x92be</run_address>
         <size>0x1bc</size>
         <input_file_ref idref="fl-20"/>
      </object_component>
      <object_component id="oc-11f">
         <name>.debug_info</name>
         <load_address>0x947a</load_address>
         <run_address>0x947a</run_address>
         <size>0x20f</size>
         <input_file_ref idref="fl-21"/>
      </object_component>
      <object_component id="oc-129">
         <name>.debug_info</name>
         <load_address>0x9689</load_address>
         <run_address>0x9689</run_address>
         <size>0x1f9</size>
         <input_file_ref idref="fl-21"/>
      </object_component>
      <object_component id="oc-125">
         <name>.debug_info</name>
         <load_address>0x9882</load_address>
         <run_address>0x9882</run_address>
         <size>0x205</size>
         <input_file_ref idref="fl-21"/>
      </object_component>
      <object_component id="oc-2c1">
         <name>.debug_info</name>
         <load_address>0x9a87</load_address>
         <run_address>0x9a87</run_address>
         <size>0x211</size>
         <input_file_ref idref="fl-22"/>
      </object_component>
      <object_component id="oc-29f">
         <name>.debug_info</name>
         <load_address>0x9c98</load_address>
         <run_address>0x9c98</run_address>
         <size>0x1f6</size>
         <input_file_ref idref="fl-22"/>
      </object_component>
      <object_component id="oc-2a5">
         <name>.debug_info</name>
         <load_address>0x9e8e</load_address>
         <run_address>0x9e8e</run_address>
         <size>0x20f</size>
         <input_file_ref idref="fl-22"/>
      </object_component>
      <object_component id="oc-25b">
         <name>.debug_info</name>
         <load_address>0xa09d</load_address>
         <run_address>0xa09d</run_address>
         <size>0x20c</size>
         <input_file_ref idref="fl-22"/>
      </object_component>
      <object_component id="oc-261">
         <name>.debug_info</name>
         <load_address>0xa2a9</load_address>
         <run_address>0xa2a9</run_address>
         <size>0x242</size>
         <input_file_ref idref="fl-22"/>
      </object_component>
      <object_component id="oc-1d2">
         <name>.debug_info</name>
         <load_address>0xa4eb</load_address>
         <run_address>0xa4eb</run_address>
         <size>0x2ce</size>
         <input_file_ref idref="fl-22"/>
      </object_component>
      <object_component id="oc-ec">
         <name>.debug_info</name>
         <load_address>0xa7b9</load_address>
         <run_address>0xa7b9</run_address>
         <size>0x21a</size>
         <input_file_ref idref="fl-23"/>
      </object_component>
      <object_component id="oc-116">
         <name>.debug_info</name>
         <load_address>0xa9d3</load_address>
         <run_address>0xa9d3</run_address>
         <size>0x212</size>
         <input_file_ref idref="fl-23"/>
      </object_component>
      <object_component id="oc-ca">
         <name>.debug_info</name>
         <load_address>0xabe5</load_address>
         <run_address>0xabe5</run_address>
         <size>0x1fe</size>
         <input_file_ref idref="fl-23"/>
      </object_component>
      <object_component id="oc-d2">
         <name>.debug_info</name>
         <load_address>0xade3</load_address>
         <run_address>0xade3</run_address>
         <size>0x1ef</size>
         <input_file_ref idref="fl-23"/>
      </object_component>
      <object_component id="oc-186">
         <name>.debug_info</name>
         <load_address>0xafd2</load_address>
         <run_address>0xafd2</run_address>
         <size>0x134</size>
         <input_file_ref idref="fl-25"/>
      </object_component>
      <object_component id="oc-c4">
         <name>.debug_info</name>
         <load_address>0xb106</load_address>
         <run_address>0xb106</run_address>
         <size>0x158</size>
         <input_file_ref idref="fl-27"/>
      </object_component>
      <object_component id="oc-6f">
         <name>.debug_info</name>
         <load_address>0xb25e</load_address>
         <run_address>0xb25e</run_address>
         <size>0x19b</size>
         <input_file_ref idref="fl-29"/>
      </object_component>
      <object_component id="oc-16e">
         <name>.debug_info</name>
         <load_address>0xb3f9</load_address>
         <run_address>0xb3f9</run_address>
         <size>0x14d</size>
         <input_file_ref idref="fl-2a"/>
      </object_component>
      <object_component id="oc-1f4">
         <name>.debug_info</name>
         <load_address>0xb546</load_address>
         <run_address>0xb546</run_address>
         <size>0x1bf</size>
         <input_file_ref idref="fl-2b"/>
      </object_component>
      <object_component id="oc-7f">
         <name>.debug_info</name>
         <load_address>0xb705</load_address>
         <run_address>0xb705</run_address>
         <size>0x19f</size>
         <input_file_ref idref="fl-2c"/>
      </object_component>
      <object_component id="oc-24">
         <name>.debug_info</name>
         <load_address>0xb8a4</load_address>
         <run_address>0xb8a4</run_address>
         <size>0x1b7</size>
         <input_file_ref idref="fl-2d"/>
      </object_component>
      <object_component id="oc-20">
         <name>.debug_info</name>
         <load_address>0xba5b</load_address>
         <run_address>0xba5b</run_address>
         <size>0x20c</size>
         <input_file_ref idref="fl-2e"/>
      </object_component>
      <object_component id="oc-224">
         <name>.debug_info</name>
         <load_address>0xbc67</load_address>
         <run_address>0xbc67</run_address>
         <size>0x19e</size>
         <input_file_ref idref="fl-2f"/>
      </object_component>
      <object_component id="oc-17c">
         <name>.debug_info</name>
         <load_address>0xbe05</load_address>
         <run_address>0xbe05</run_address>
         <size>0x1a9</size>
         <input_file_ref idref="fl-2f"/>
      </object_component>
      <object_component id="oc-227">
         <name>.debug_info</name>
         <load_address>0xbfae</load_address>
         <run_address>0xbfae</run_address>
         <size>0x107</size>
         <input_file_ref idref="fl-30"/>
      </object_component>
      <object_component id="oc-2b8">
         <name>.debug_info</name>
         <load_address>0xc0b5</load_address>
         <run_address>0xc0b5</run_address>
         <size>0x10b</size>
         <input_file_ref idref="fl-30"/>
      </object_component>
      <object_component id="oc-292">
         <name>.debug_info</name>
         <load_address>0xc1c0</load_address>
         <run_address>0xc1c0</run_address>
         <size>0x203</size>
         <input_file_ref idref="fl-30"/>
      </object_component>
      <object_component id="oc-175">
         <name>.debug_info</name>
         <load_address>0xc3c3</load_address>
         <run_address>0xc3c3</run_address>
         <size>0x15d</size>
         <input_file_ref idref="fl-31"/>
      </object_component>
      <object_component id="oc-bd">
         <name>.debug_info</name>
         <load_address>0xc520</load_address>
         <run_address>0xc520</run_address>
         <size>0x208</size>
         <input_file_ref idref="fl-32"/>
      </object_component>
      <object_component id="oc-277">
         <name>.debug_info</name>
         <load_address>0xc728</load_address>
         <run_address>0xc728</run_address>
         <size>0x147</size>
         <input_file_ref idref="fl-34"/>
      </object_component>
      <object_component id="oc-1c2">
         <name>.debug_info</name>
         <load_address>0xc86f</load_address>
         <run_address>0xc86f</run_address>
         <size>0x12f</size>
         <input_file_ref idref="fl-35"/>
      </object_component>
      <object_component id="oc-1c6">
         <name>.debug_info</name>
         <load_address>0xc99e</load_address>
         <run_address>0xc99e</run_address>
         <size>0x12d</size>
         <input_file_ref idref="fl-35"/>
      </object_component>
      <object_component id="oc-135">
         <name>.debug_info</name>
         <load_address>0xcacb</load_address>
         <run_address>0xcacb</run_address>
         <size>0x247</size>
         <input_file_ref idref="fl-35"/>
      </object_component>
      <object_component id="oc-307">
         <name>.debug_info</name>
         <load_address>0xcd12</load_address>
         <run_address>0xcd12</run_address>
         <size>0xc5</size>
      </object_component>
      <object_component id="oc-15c">
         <name>.debug_line</name>
         <load_address>0x0</load_address>
         <run_address>0x0</run_address>
         <size>0x2f</size>
         <input_file_ref idref="fl-2"/>
      </object_component>
      <object_component id="oc-161">
         <name>.debug_line</name>
         <load_address>0x2f</load_address>
         <run_address>0x2f</run_address>
         <size>0x2f</size>
         <input_file_ref idref="fl-2"/>
      </object_component>
      <object_component id="oc-1a8">
         <name>.debug_line</name>
         <load_address>0x5e</load_address>
         <run_address>0x5e</run_address>
         <size>0x2f</size>
         <input_file_ref idref="fl-2"/>
      </object_component>
      <object_component id="oc-1aa">
         <name>.debug_line</name>
         <load_address>0x8d</load_address>
         <run_address>0x8d</run_address>
         <size>0x2f</size>
         <input_file_ref idref="fl-2"/>
      </object_component>
      <object_component id="oc-1ac">
         <name>.debug_line</name>
         <load_address>0xbc</load_address>
         <run_address>0xbc</run_address>
         <size>0x2f</size>
         <input_file_ref idref="fl-2"/>
      </object_component>
      <object_component id="oc-1ae">
         <name>.debug_line</name>
         <load_address>0xeb</load_address>
         <run_address>0xeb</run_address>
         <size>0x2f</size>
         <input_file_ref idref="fl-2"/>
      </object_component>
      <object_component id="oc-8c">
         <name>.debug_line</name>
         <load_address>0x11a</load_address>
         <run_address>0x11a</run_address>
         <size>0x72b</size>
         <input_file_ref idref="fl-2"/>
      </object_component>
      <object_component id="oc-1b0">
         <name>.debug_line</name>
         <load_address>0x845</load_address>
         <run_address>0x845</run_address>
         <size>0x295</size>
         <input_file_ref idref="fl-2"/>
      </object_component>
      <object_component id="oc-253">
         <name>.debug_line</name>
         <load_address>0xada</load_address>
         <run_address>0xada</run_address>
         <size>0x33</size>
         <input_file_ref idref="fl-4"/>
      </object_component>
      <object_component id="oc-255">
         <name>.debug_line</name>
         <load_address>0xb0d</load_address>
         <run_address>0xb0d</run_address>
         <size>0x33</size>
         <input_file_ref idref="fl-4"/>
      </object_component>
      <object_component id="oc-92">
         <name>.debug_line</name>
         <load_address>0xb40</load_address>
         <run_address>0xb40</run_address>
         <size>0x134f</size>
         <input_file_ref idref="fl-4"/>
      </object_component>
      <object_component id="oc-1ea">
         <name>.debug_line</name>
         <load_address>0x1e8f</load_address>
         <run_address>0x1e8f</run_address>
         <size>0x1b5</size>
         <input_file_ref idref="fl-4"/>
      </object_component>
      <object_component id="oc-156">
         <name>.debug_line</name>
         <load_address>0x2044</load_address>
         <run_address>0x2044</run_address>
         <size>0x34</size>
         <input_file_ref idref="fl-5"/>
      </object_component>
      <object_component id="oc-158">
         <name>.debug_line</name>
         <load_address>0x2078</load_address>
         <run_address>0x2078</run_address>
         <size>0x34</size>
         <input_file_ref idref="fl-5"/>
      </object_component>
      <object_component id="oc-15a">
         <name>.debug_line</name>
         <load_address>0x20ac</load_address>
         <run_address>0x20ac</run_address>
         <size>0x34</size>
         <input_file_ref idref="fl-5"/>
      </object_component>
      <object_component id="oc-47">
         <name>.debug_line</name>
         <load_address>0x20e0</load_address>
         <run_address>0x20e0</run_address>
         <size>0x45a</size>
         <input_file_ref idref="fl-5"/>
      </object_component>
      <object_component id="oc-49">
         <name>.debug_line</name>
         <load_address>0x253a</load_address>
         <run_address>0x253a</run_address>
         <size>0xd9</size>
         <input_file_ref idref="fl-5"/>
      </object_component>
      <object_component id="oc-52">
         <name>.debug_line</name>
         <load_address>0x2613</load_address>
         <run_address>0x2613</run_address>
         <size>0xa91</size>
         <input_file_ref idref="fl-5"/>
      </object_component>
      <object_component id="oc-15e">
         <name>.debug_line</name>
         <load_address>0x30a4</load_address>
         <run_address>0x30a4</run_address>
         <size>0xab</size>
         <input_file_ref idref="fl-5"/>
      </object_component>
      <object_component id="oc-13e">
         <name>.debug_line</name>
         <load_address>0x314f</load_address>
         <run_address>0x314f</run_address>
         <size>0x18b</size>
         <input_file_ref idref="fl-6"/>
      </object_component>
      <object_component id="oc-26a">
         <name>.debug_line</name>
         <load_address>0x32da</load_address>
         <run_address>0x32da</run_address>
         <size>0x104</size>
         <input_file_ref idref="fl-6"/>
      </object_component>
      <object_component id="oc-2e">
         <name>.debug_line</name>
         <load_address>0x33de</load_address>
         <run_address>0x33de</run_address>
         <size>0x55</size>
         <input_file_ref idref="fl-7"/>
      </object_component>
      <object_component id="oc-86">
         <name>.debug_line</name>
         <load_address>0x3433</load_address>
         <run_address>0x3433</run_address>
         <size>0x5d</size>
         <input_file_ref idref="fl-7"/>
      </object_component>
      <object_component id="oc-231">
         <name>.debug_line</name>
         <load_address>0x3490</load_address>
         <run_address>0x3490</run_address>
         <size>0x54</size>
         <input_file_ref idref="fl-c"/>
      </object_component>
      <object_component id="oc-233">
         <name>.debug_line</name>
         <load_address>0x34e4</load_address>
         <run_address>0x34e4</run_address>
         <size>0x54</size>
         <input_file_ref idref="fl-c"/>
      </object_component>
      <object_component id="oc-241">
         <name>.debug_line</name>
         <load_address>0x3538</load_address>
         <run_address>0x3538</run_address>
         <size>0x54</size>
         <input_file_ref idref="fl-c"/>
      </object_component>
      <object_component id="oc-237">
         <name>.debug_line</name>
         <load_address>0x358c</load_address>
         <run_address>0x358c</run_address>
         <size>0x54</size>
         <input_file_ref idref="fl-c"/>
      </object_component>
      <object_component id="oc-235">
         <name>.debug_line</name>
         <load_address>0x35e0</load_address>
         <run_address>0x35e0</run_address>
         <size>0x54</size>
         <input_file_ref idref="fl-c"/>
      </object_component>
      <object_component id="oc-239">
         <name>.debug_line</name>
         <load_address>0x3634</load_address>
         <run_address>0x3634</run_address>
         <size>0x54</size>
         <input_file_ref idref="fl-c"/>
      </object_component>
      <object_component id="oc-23f">
         <name>.debug_line</name>
         <load_address>0x3688</load_address>
         <run_address>0x3688</run_address>
         <size>0x54</size>
         <input_file_ref idref="fl-c"/>
      </object_component>
      <object_component id="oc-23d">
         <name>.debug_line</name>
         <load_address>0x36dc</load_address>
         <run_address>0x36dc</run_address>
         <size>0x54</size>
         <input_file_ref idref="fl-c"/>
      </object_component>
      <object_component id="oc-23b">
         <name>.debug_line</name>
         <load_address>0x3730</load_address>
         <run_address>0x3730</run_address>
         <size>0x54</size>
         <input_file_ref idref="fl-c"/>
      </object_component>
      <object_component id="oc-d7">
         <name>.debug_line</name>
         <load_address>0x3784</load_address>
         <run_address>0x3784</run_address>
         <size>0x99c</size>
         <input_file_ref idref="fl-c"/>
      </object_component>
      <object_component id="oc-243">
         <name>.debug_line</name>
         <load_address>0x4120</load_address>
         <run_address>0x4120</run_address>
         <size>0x86</size>
         <input_file_ref idref="fl-c"/>
      </object_component>
      <object_component id="oc-1e2">
         <name>.debug_line</name>
         <load_address>0x41a6</load_address>
         <run_address>0x41a6</run_address>
         <size>0x8d</size>
         <input_file_ref idref="fl-1b"/>
      </object_component>
      <object_component id="oc-150">
         <name>.debug_line</name>
         <load_address>0x4233</load_address>
         <run_address>0x4233</run_address>
         <size>0x9c</size>
         <input_file_ref idref="fl-1b"/>
      </object_component>
      <object_component id="oc-271">
         <name>.debug_line</name>
         <load_address>0x42cf</load_address>
         <run_address>0x42cf</run_address>
         <size>0xbd</size>
         <input_file_ref idref="fl-1b"/>
      </object_component>
      <object_component id="oc-106">
         <name>.debug_line</name>
         <load_address>0x438c</load_address>
         <run_address>0x438c</run_address>
         <size>0x93</size>
         <input_file_ref idref="fl-1c"/>
      </object_component>
      <object_component id="oc-110">
         <name>.debug_line</name>
         <load_address>0x441f</load_address>
         <run_address>0x441f</run_address>
         <size>0x8b</size>
         <input_file_ref idref="fl-1c"/>
      </object_component>
      <object_component id="oc-10d">
         <name>.debug_line</name>
         <load_address>0x44aa</load_address>
         <run_address>0x44aa</run_address>
         <size>0x8a</size>
         <input_file_ref idref="fl-1c"/>
      </object_component>
      <object_component id="oc-249">
         <name>.debug_line</name>
         <load_address>0x4534</load_address>
         <run_address>0x4534</run_address>
         <size>0x21</size>
         <input_file_ref idref="fl-1c"/>
      </object_component>
      <object_component id="oc-147">
         <name>.debug_line</name>
         <load_address>0x4555</load_address>
         <run_address>0x4555</run_address>
         <size>0x86</size>
         <input_file_ref idref="fl-1d"/>
      </object_component>
      <object_component id="oc-26d">
         <name>.debug_line</name>
         <load_address>0x45db</load_address>
         <run_address>0x45db</run_address>
         <size>0xc7</size>
         <input_file_ref idref="fl-1d"/>
      </object_component>
      <object_component id="oc-1db">
         <name>.debug_line</name>
         <load_address>0x46a2</load_address>
         <run_address>0x46a2</run_address>
         <size>0xff</size>
         <input_file_ref idref="fl-1e"/>
      </object_component>
      <object_component id="oc-2ae">
         <name>.debug_line</name>
         <load_address>0x47a1</load_address>
         <run_address>0x47a1</run_address>
         <size>0xc1</size>
         <input_file_ref idref="fl-1e"/>
      </object_component>
      <object_component id="oc-fb">
         <name>.debug_line</name>
         <load_address>0x4862</load_address>
         <run_address>0x4862</run_address>
         <size>0x8a</size>
         <input_file_ref idref="fl-1f"/>
      </object_component>
      <object_component id="oc-ff">
         <name>.debug_line</name>
         <load_address>0x48ec</load_address>
         <run_address>0x48ec</run_address>
         <size>0x8b</size>
         <input_file_ref idref="fl-1f"/>
      </object_component>
      <object_component id="oc-131">
         <name>.debug_line</name>
         <load_address>0x4977</load_address>
         <run_address>0x4977</run_address>
         <size>0xa1</size>
         <input_file_ref idref="fl-1f"/>
      </object_component>
      <object_component id="oc-f2">
         <name>.debug_line</name>
         <load_address>0x4a18</load_address>
         <run_address>0x4a18</run_address>
         <size>0x8c</size>
         <input_file_ref idref="fl-1f"/>
      </object_component>
      <object_component id="oc-246">
         <name>.debug_line</name>
         <load_address>0x4aa4</load_address>
         <run_address>0x4aa4</run_address>
         <size>0xbf</size>
         <input_file_ref idref="fl-1f"/>
      </object_component>
      <object_component id="oc-56">
         <name>.debug_line</name>
         <load_address>0x4b63</load_address>
         <run_address>0x4b63</run_address>
         <size>0x88</size>
         <input_file_ref idref="fl-20"/>
      </object_component>
      <object_component id="oc-58">
         <name>.debug_line</name>
         <load_address>0x4beb</load_address>
         <run_address>0x4beb</run_address>
         <size>0x9b</size>
         <input_file_ref idref="fl-20"/>
      </object_component>
      <object_component id="oc-143">
         <name>.debug_line</name>
         <load_address>0x4c86</load_address>
         <run_address>0x4c86</run_address>
         <size>0x10a</size>
         <input_file_ref idref="fl-20"/>
      </object_component>
      <object_component id="oc-61">
         <name>.debug_line</name>
         <load_address>0x4d90</load_address>
         <run_address>0x4d90</run_address>
         <size>0x88</size>
         <input_file_ref idref="fl-20"/>
      </object_component>
      <object_component id="oc-97">
         <name>.debug_line</name>
         <load_address>0x4e18</load_address>
         <run_address>0x4e18</run_address>
         <size>0x109</size>
         <input_file_ref idref="fl-20"/>
      </object_component>
      <object_component id="oc-68">
         <name>.debug_line</name>
         <load_address>0x4f21</load_address>
         <run_address>0x4f21</run_address>
         <size>0x89</size>
         <input_file_ref idref="fl-20"/>
      </object_component>
      <object_component id="oc-163">
         <name>.debug_line</name>
         <load_address>0x4faa</load_address>
         <run_address>0x4faa</run_address>
         <size>0x21</size>
         <input_file_ref idref="fl-20"/>
      </object_component>
      <object_component id="oc-11e">
         <name>.debug_line</name>
         <load_address>0x4fcb</load_address>
         <run_address>0x4fcb</run_address>
         <size>0xf2</size>
         <input_file_ref idref="fl-21"/>
      </object_component>
      <object_component id="oc-12c">
         <name>.debug_line</name>
         <load_address>0x50bd</load_address>
         <run_address>0x50bd</run_address>
         <size>0x9d</size>
         <input_file_ref idref="fl-21"/>
      </object_component>
      <object_component id="oc-124">
         <name>.debug_line</name>
         <load_address>0x515a</load_address>
         <run_address>0x515a</run_address>
         <size>0xe6</size>
         <input_file_ref idref="fl-21"/>
      </object_component>
      <object_component id="oc-24c">
         <name>.debug_line</name>
         <load_address>0x5240</load_address>
         <run_address>0x5240</run_address>
         <size>0xbd</size>
         <input_file_ref idref="fl-21"/>
      </object_component>
      <object_component id="oc-2c0">
         <name>.debug_line</name>
         <load_address>0x52fd</load_address>
         <run_address>0x52fd</run_address>
         <size>0xc0</size>
         <input_file_ref idref="fl-22"/>
      </object_component>
      <object_component id="oc-29d">
         <name>.debug_line</name>
         <load_address>0x53bd</load_address>
         <run_address>0x53bd</run_address>
         <size>0xf9</size>
         <input_file_ref idref="fl-22"/>
      </object_component>
      <object_component id="oc-2a3">
         <name>.debug_line</name>
         <load_address>0x54b6</load_address>
         <run_address>0x54b6</run_address>
         <size>0x112</size>
         <input_file_ref idref="fl-22"/>
      </object_component>
      <object_component id="oc-25a">
         <name>.debug_line</name>
         <load_address>0x55c8</load_address>
         <run_address>0x55c8</run_address>
         <size>0x9d</size>
         <input_file_ref idref="fl-22"/>
      </object_component>
      <object_component id="oc-260">
         <name>.debug_line</name>
         <load_address>0x5665</load_address>
         <run_address>0x5665</run_address>
         <size>0x1d0</size>
         <input_file_ref idref="fl-22"/>
      </object_component>
      <object_component id="oc-1d1">
         <name>.debug_line</name>
         <load_address>0x5835</load_address>
         <run_address>0x5835</run_address>
         <size>0x147</size>
         <input_file_ref idref="fl-22"/>
      </object_component>
      <object_component id="oc-2ab">
         <name>.debug_line</name>
         <load_address>0x597c</load_address>
         <run_address>0x597c</run_address>
         <size>0x72</size>
         <input_file_ref idref="fl-22"/>
      </object_component>
      <object_component id="oc-f0">
         <name>.debug_line</name>
         <load_address>0x59ee</load_address>
         <run_address>0x59ee</run_address>
         <size>0x8b</size>
         <input_file_ref idref="fl-23"/>
      </object_component>
      <object_component id="oc-11a">
         <name>.debug_line</name>
         <load_address>0x5a79</load_address>
         <run_address>0x5a79</run_address>
         <size>0x8c</size>
         <input_file_ref idref="fl-23"/>
      </object_component>
      <object_component id="oc-cd">
         <name>.debug_line</name>
         <load_address>0x5b05</load_address>
         <run_address>0x5b05</run_address>
         <size>0x97</size>
         <input_file_ref idref="fl-23"/>
      </object_component>
      <object_component id="oc-d0">
         <name>.debug_line</name>
         <load_address>0x5b9c</load_address>
         <run_address>0x5b9c</run_address>
         <size>0x9d</size>
         <input_file_ref idref="fl-23"/>
      </object_component>
      <object_component id="oc-22c">
         <name>.debug_line</name>
         <load_address>0x5c39</load_address>
         <run_address>0x5c39</run_address>
         <size>0xbf</size>
         <input_file_ref idref="fl-23"/>
      </object_component>
      <object_component id="oc-189">
         <name>.debug_line</name>
         <load_address>0x5cf8</load_address>
         <run_address>0x5cf8</run_address>
         <size>0x9e</size>
         <input_file_ref idref="fl-25"/>
      </object_component>
      <object_component id="oc-c7">
         <name>.debug_line</name>
         <load_address>0x5d96</load_address>
         <run_address>0x5d96</run_address>
         <size>0x4f</size>
         <input_file_ref idref="fl-27"/>
      </object_component>
      <object_component id="oc-73">
         <name>.debug_line</name>
         <load_address>0x5de5</load_address>
         <run_address>0x5de5</run_address>
         <size>0x63</size>
         <input_file_ref idref="fl-29"/>
      </object_component>
      <object_component id="oc-166">
         <name>.debug_line</name>
         <load_address>0x5e48</load_address>
         <run_address>0x5e48</run_address>
         <size>0x21</size>
         <input_file_ref idref="fl-29"/>
      </object_component>
      <object_component id="oc-171">
         <name>.debug_line</name>
         <load_address>0x5e69</load_address>
         <run_address>0x5e69</run_address>
         <size>0x3f</size>
[...]
         <value>0x123cb</value>
         <object_component_ref idref="oc-18a"/>
      </symbol>
      <symbol id="sm-234">
         <name>SFRA_GUI_sendTaskPtr</name>
         <value>0x123c3</value>
         <object_component_ref idref="oc-18a"/>
      </symbol>
      <symbol id="sm-235">
         <name>SFRA_GUI_getCmdByte</name>
         <value>0x822a3</value>
         <object_component_ref idref="oc-d6"/>
      </symbol>
      <symbol id="sm-236">
         <name>SFRA_GUI_echoCmdByte</name>
         <value>0x82204</value>
         <object_component_ref idref="oc-d6"/>
      </symbol>
      <symbol id="sm-237">
         <name>SFRA_GUI_sendData</name>
         <value>0x82061</value>
         <object_component_ref idref="oc-d6"/>
      </symbol>
      <symbol id="sm-238">
         <name>SFRA_GUI_cmdPacket</name>
         <value>0x12494</value>
         <object_component_ref idref="oc-18d"/>
      </symbol>
      <symbol id="sm-239">
         <name>SFRA_GUI_rxWord</name>
         <value>0x123c5</value>
         <object_component_ref idref="oc-18a"/>
      </symbol>
      <symbol id="sm-23a">
         <name>SFRA_GUI_led_flag</name>
         <value>0x123cf</value>
         <object_component_ref idref="oc-18a"/>
      </symbol>
      <symbol id="sm-23b">
         <name>SFRA_GUI_memGetAmount</name>
         <value>0x123cd</value>
         <object_component_ref idref="oc-18a"/>
      </symbol>
      <symbol id="sm-23c">
         <name>SFRA_GUI_arrayGetList</name>
         <value>0x12320</value>
         <object_component_ref idref="oc-19c"/>
      </symbol>
      <symbol id="sm-23d">
         <name>SFRA_GUI_echoSizeByte</name>
         <value>0x821c2</value>
         <object_component_ref idref="oc-d6"/>
      </symbol>
      <symbol id="sm-23e">
         <name>SFRA_GUI_setData32</name>
         <value>0x82027</value>
         <object_component_ref idref="oc-d6"/>
      </symbol>
      <symbol id="sm-23f">
         <name>SFRA_GUI_dataOut32</name>
         <value>0x123d6</value>
         <object_component_ref idref="oc-18a"/>
      </symbol>
      <symbol id="sm-240">
         <name>SFRA_GUI_memGetAddress</name>
         <value>0x123dc</value>
         <object_component_ref idref="oc-18a"/>
      </symbol>
      <symbol id="sm-241">
         <name>SFRA_GUI_getDataByte</name>
         <value>0x82189</value>
         <object_component_ref idref="oc-d6"/>
      </symbol>
      <symbol id="sm-242">
         <name>SFRA_GUI_dataOut16</name>
         <value>0x123c9</value>
         <object_component_ref idref="oc-18a"/>
      </symbol>
      <symbol id="sm-243">
         <name>SFRA_GUI_getSizeByte</name>
         <value>0x821e7</value>
         <object_component_ref idref="oc-d6"/>
      </symbol>
      <symbol id="sm-244">
         <name>SFRA_GUI_echoDataByte</name>
         <value>0x82169</value>
         <object_component_ref idref="oc-d6"/>
      </symbol>
      <symbol id="sm-245">
         <name>SFRA_GUI_packWord</name>
         <value>0x821a6</value>
         <object_component_ref idref="oc-d6"/>
      </symbol>
      <symbol id="sm-246">
         <name>SFRA_GUI_setText</name>
         <value>0x82005</value>
         <object_component_ref idref="oc-d6"/>
      </symbol>
      <symbol id="sm-247">
         <name>SFRA_GUI_sweep_start</name>
         <value>0x123d1</value>
         <object_component_ref idref="oc-18a"/>
      </symbol>
      <symbol id="sm-248">
         <name>SFRA_GUI_setSlider</name>
         <value>0x82016</value>
         <object_component_ref idref="oc-d6"/>
      </symbol>
      <symbol id="sm-249">
         <name>SFRA_GUI_lifePulseTsk</name>
         <value>0x82254</value>
         <object_component_ref idref="oc-d6"/>
      </symbol>
      <symbol id="sm-24a">
         <name>SFRA_GUI_rcvTskPtrShdw</name>
         <value>0x123ca</value>
         <object_component_ref idref="oc-18a"/>
      </symbol>
      <symbol id="sm-24b">
         <name>SFRA_GUI_numWords</name>
         <value>0x123c7</value>
         <object_component_ref idref="oc-18a"/>
      </symbol>
      <symbol id="sm-24c">
         <name>SFRA_GUI_varSetSldrList</name>
         <value>0x12442</value>
         <object_component_ref idref="oc-196"/>
      </symbol>
      <symbol id="sm-24d">
         <name>SFRA_GUI_spareTsk08</name>
         <value>0x82000</value>
         <object_component_ref idref="oc-d6"/>
      </symbol>
      <symbol id="sm-24e">
         <name>SFRA_GUI_wordsLeftToGet</name>
         <value>0x123c8</value>
         <object_component_ref idref="oc-18a"/>
      </symbol>
      <symbol id="sm-24f">
         <name>SFRA_GUI_serialCommsTimer</name>
         <value>0x123c1</value>
         <object_component_ref idref="oc-18a"/>
      </symbol>
      <symbol id="sm-250">
         <name>SFRA_GUI_dataSetList</name>
         <value>0x123e2</value>
         <object_component_ref idref="oc-199"/>
      </symbol>
      <symbol id="sm-251">
         <name>SFRA_GUI_temp</name>
         <value>0x123e0</value>
         <object_component_ref idref="oc-18a"/>
      </symbol>
      <symbol id="sm-252">
         <name>SFRA_GUI_sci_base_addr</name>
         <value>0x123d4</value>
         <object_component_ref idref="oc-18a"/>
      </symbol>
      <symbol id="sm-253">
         <name>SFRA_GUI_varSetTxtList</name>
         <value>0x12462</value>
         <object_component_ref idref="oc-193"/>
      </symbol>
      <symbol id="sm-254">
         <name>SFRA_GUI_memSetValue</name>
         <value>0x123de</value>
         <object_component_ref idref="oc-18a"/>
      </symbol>
      <symbol id="sm-255">
         <name>SFRA_GUI_memSetPtr</name>
         <value>0x123ce</value>
         <object_component_ref idref="oc-18a"/>
      </symbol>
      <symbol id="sm-256">
         <name>SFRA_GUI_memGetPtr</name>
         <value>0x123cc</value>
         <object_component_ref idref="oc-18a"/>
      </symbol>
      <symbol id="sm-257">
         <name>SFRA_GUI_taskDoneFlag</name>
         <value>0x123c6</value>
         <object_component_ref idref="oc-18a"/>
      </symbol>
      <symbol id="sm-258">
         <name>SFRA_GUI_cmdDispatcher</name>
         <value>0x123a0</value>
         <object_component_ref idref="oc-1a2"/>
      </symbol>
      <symbol id="sm-259">
         <name>SFRA_GUI_getArray</name>
         <value>0x82061</value>
         <object_component_ref idref="oc-d6"/>
      </symbol>
      <symbol id="sm-25a">
         <name>SFRA_GUI_setButton</name>
         <value>0x82050</value>
         <object_component_ref idref="oc-d6"/>
      </symbol>
      <symbol id="sm-26f">
         <name>SFRA_F32_runBackgroundTask</name>
         <value>0xc000</value>
         <object_component_ref idref="oc-d5"/>
      </symbol>
      <symbol id="sm-272">
         <name>_SFRA_F32_state</name>
         <value>0xc200</value>
         <object_component_ref idref="oc-184"/>
      </symbol>
      <symbol id="sm-273">
         <name>_SFRA_F32_yCosSum</name>
         <value>0xc20c</value>
         <object_component_ref idref="oc-184"/>
      </symbol>
      <symbol id="sm-274">
         <name>_SFRA_F32_ySinSum</name>
         <value>0xc20a</value>
         <object_component_ref idref="oc-184"/>
      </symbol>
      <symbol id="sm-275">
         <name>_SFRA_F32_pointerStart</name>
         <value>0xc20e</value>
         <object_component_ref idref="oc-184"/>
      </symbol>
      <symbol id="sm-276">
         <name>_SFRA_F32_step</name>
         <value>0xc216</value>
         <object_component_ref idref="oc-184"/>
      </symbol>
      <symbol id="sm-277">
         <name>_SFRA_F32_preCount</name>
         <value>0xc21a</value>
         <object_component_ref idref="oc-184"/>
      </symbol>
      <symbol id="sm-278">
         <name>_SFRA_F32_scalar</name>
         <value>0xc214</value>
         <object_component_ref idref="oc-184"/>
      </symbol>
      <symbol id="sm-279">
         <name>_SFRA_F32_pointer</name>
         <value>0xc218</value>
         <object_component_ref idref="oc-184"/>
      </symbol>
      <symbol id="sm-27a">
         <name>_SFRA_F32_reference</name>
         <value>0xc210</value>
         <object_component_ref idref="oc-184"/>
      </symbol>
      <symbol id="sm-27b">
         <name>_SFRA_F32_windowSamples</name>
         <value>0xc21e</value>
         <object_component_ref idref="oc-184"/>
      </symbol>
      <symbol id="sm-27c">
         <name>_SFRA_F32_amplitude</name>
         <value>0xc212</value>
         <object_component_ref idref="oc-184"/>
      </symbol>
      <symbol id="sm-27d">
         <name>_SFRA_F32_uCosSum</name>
         <value>0xc208</value>
         <object_component_ref idref="oc-184"/>
      </symbol>
      <symbol id="sm-27e">
         <name>_SFRA_F32_uSinSum</name>
         <value>0xc206</value>
         <object_component_ref idref="oc-184"/>
      </symbol>
      <symbol id="sm-27f">
         <name>_SFRA_F32_rCosSum</name>
         <value>0xc204</value>
         <object_component_ref idref="oc-184"/>
      </symbol>
      <symbol id="sm-280">
         <name>_SFRA_F32_rSinSum</name>
         <value>0xc202</value>
         <object_component_ref idref="oc-184"/>
      </symbol>
      <symbol id="sm-281">
         <name>_SFRA_F32_count</name>
         <value>0xc21c</value>
         <object_component_ref idref="oc-184"/>
      </symbol>
      <symbol id="sm-282">
         <name>_SFRA_F32_stateSlew</name>
         <value>0xc201</value>
         <object_component_ref idref="oc-184"/>
      </symbol>
      <symbol id="sm-283">
         <name>_SFRA_F32_angle</name>
         <value>0xc220</value>
         <object_component_ref idref="oc-184"/>
      </symbol>
      <symbol id="sm-2a0">
         <name>ADC_setOffsetTrimAll</name>
         <value>0x82cac</value>
         <object_component_ref idref="oc-1e1"/>
      </symbol>
      <symbol id="sm-2a1">
         <name>ADC_setVREF</name>
         <value>0x82a3a</value>
         <object_component_ref idref="oc-14c"/>
      </symbol>
      <symbol id="sm-2c0">
         <name>CMPSS_configFilterHigh</name>
         <value>0x81fe7</value>
         <object_component_ref idref="oc-109"/>
      </symbol>
      <symbol id="sm-2c1">
         <name>CMPSS_configFilterLow</name>
         <value>0x82ce1</value>
         <object_component_ref idref="oc-10f"/>
      </symbol>
      <symbol id="sm-2c2">
         <name>CMPSS_configLatchOnPWMSYNC</name>
         <value>0x82d11</value>
         <object_component_ref idref="oc-103"/>
      </symbol>
      <symbol id="sm-2cf">
         <name>CPUTimer_setEmulationMode</name>
         <value>0x82d87</value>
         <object_component_ref idref="oc-146"/>
      </symbol>
      <symbol id="sm-2dc">
         <name>Flash_initModule</name>
         <value>0xc222</value>
         <object_component_ref idref="oc-1d6"/>
      </symbol>
      <symbol id="sm-306">
         <name>GPIO_setQualificationMode</name>
         <value>0x82c13</value>
         <object_component_ref idref="oc-f7"/>
      </symbol>
      <symbol id="sm-307">
         <name>GPIO_setPadConfig</name>
         <value>0x82918</value>
         <object_component_ref idref="oc-12d"/>
      </symbol>
      <symbol id="sm-308">
         <name>GPIO_setDirectionMode</name>
         <value>0x82c35</value>
         <object_component_ref idref="oc-f1"/>
      </symbol>
      <symbol id="sm-309">
         <name>GPIO_setPinConfig</name>
         <value>0x82a6a</value>
         <object_component_ref idref="oc-fd"/>
      </symbol>
      <symbol id="sm-340">
         <name>Interrupt_defaultHandler</name>
         <value>0x82d3b</value>
         <object_component_ref idref="oc-65"/>
      </symbol>
      <symbol id="sm-341">
         <name>Interrupt_initModule</name>
         <value>0x828d7</value>
         <object_component_ref idref="oc-140"/>
      </symbol>
      <symbol id="sm-342">
         <name>Interrupt_nmiHandler</name>
         <value>0x82d5d</value>
         <object_component_ref idref="oc-53"/>
      </symbol>
      <symbol id="sm-343">
         <name>Interrupt_enable</name>
         <value>0x82a04</value>
         <object_component_ref idref="oc-94"/>
      </symbol>
      <symbol id="sm-344">
         <name>Interrupt_initVectorTable</name>
         <value>0x82d26</value>
         <object_component_ref idref="oc-57"/>
      </symbol>
      <symbol id="sm-345">
         <name>Interrupt_illegalOperationHandler</name>
         <value>0x82d53</value>
         <object_component_ref idref="oc-5f"/>
      </symbol>
      <symbol id="sm-369">
         <name>SCI_clearInterruptStatus</name>
         <value>0x82c90</value>
         <object_component_ref idref="oc-121"/>
      </symbol>
      <symbol id="sm-36a">
         <name>SCI_setConfig</name>
         <value>0x82bf0</value>
         <object_component_ref idref="oc-11b"/>
      </symbol>
      <symbol id="sm-36b">
         <name>SCI_enableInterrupt</name>
         <value>0x82cc7</value>
         <object_component_ref idref="oc-127"/>
      </symbol>
      <symbol id="sm-3c3">
         <name>SysCtl_isPLLValid</name>
         <value>0x81f30</value>
         <object_component_ref idref="oc-25f"/>
      </symbol>
      <symbol id="sm-3c4">
         <name>SysCtl_delay</name>
         <value>0xc267</value>
         <object_component_ref idref="oc-139"/>
      </symbol>
      <symbol id="sm-3c5">
         <name>SysCtl_selectXTALSingleEnded</name>
         <value>0x82c55</value>
         <object_component_ref idref="oc-29c"/>
      </symbol>
      <symbol id="sm-3c6">
         <name>SysCtl_selectXTAL</name>
         <value>0x829cd</value>
         <object_component_ref idref="oc-2a2"/>
      </symbol>
      <symbol id="sm-3c7">
         <name>SysCtl_selectOscSource</name>
         <value>0x82af7</value>
         <object_component_ref idref="oc-259"/>
      </symbol>
      <symbol id="sm-3c8">
         <name>SysCtl_setClock</name>
         <value>0x8282a</value>
         <object_component_ref idref="oc-1d0"/>
      </symbol>
      <symbol id="sm-3f3">
         <name>XBAR_setEPWMMuxConfig</name>
         <value>0x82b24</value>
         <object_component_ref idref="oc-115"/>
      </symbol>
      <symbol id="sm-3f4">
         <name>XBAR_clearInputFlag</name>
         <value>0x82ba3</value>
         <object_component_ref idref="oc-cf"/>
      </symbol>
      <symbol id="sm-3f5">
         <name>XBAR_getInputFlagStatus</name>
         <value>0x82a9a</value>
         <object_component_ref idref="oc-c9"/>
      </symbol>
      <symbol id="sm-3f6">
         <name>XBAR_setOutputMuxConfig</name>
         <value>0x82bcb</value>
         <object_component_ref idref="oc-eb"/>
      </symbol>
      <symbol id="sm-3ff">
         <name>logf</name>
         <value>0x82995</value>
         <object_component_ref idref="oc-185"/>
      </symbol>
      <symbol id="sm-402">
         <name>FPU32LOG_TABLE_MASK1</name>
         <value>0x9f006</value>
         <object_component_ref idref="oc-22e"/>
      </symbol>
      <symbol id="sm-403">
         <name>FPU32LOG_TABLE_MASK2</name>
         <value>0x9f008</value>
         <object_component_ref idref="oc-22e"/>
      </symbol>
      <symbol id="sm-404">
         <name>FPU32INVLOG10</name>
         <value>0x9f002</value>
         <object_component_ref idref="oc-22e"/>
      </symbol>
      <symbol id="sm-405">
         <name>FPU32EXPBIAS</name>
         <value>0x9f004</value>
         <object_component_ref idref="oc-22e"/>
      </symbol>
      <symbol id="sm-406">
         <name>FPU32LOG2</name>
         <value>0x9f000</value>
         <object_component_ref idref="oc-22e"/>
      </symbol>
      <symbol id="sm-407">
         <name>FPU32logTable</name>
         <value>0x9f00a</value>
         <object_component_ref idref="oc-22e"/>
      </symbol>
      <symbol id="sm-408">
         <name>FPU32logTableEnd</name>
         <value>0x9f0d0</value>
         <object_component_ref idref="oc-22e"/>
      </symbol>
      <symbol id="sm-412">
         <name>_c_int00</name>
         <value>0x82cfa</value>
         <object_component_ref idref="oc-c3"/>
      </symbol>
      <symbol id="sm-413">
         <name>__stack</name>
         <value>0x400</value>
         <object_component_ref idref="oc-6b"/>
      </symbol>
      <symbol id="sm-426">
         <name>memcpy</name>
         <value>0x82c73</value>
         <object_component_ref idref="oc-6e"/>
      </symbol>
      <symbol id="sm-433">
         <name>_system_pre_init</name>
         <value>0x82d93</value>
         <object_component_ref idref="oc-16d"/>
      </symbol>
      <symbol id="sm-442">
         <name>__TI_auto_init_nobinit_nopinit</name>
         <value>0x82b4f</value>
         <object_component_ref idref="oc-1f1"/>
      </symbol>
      <symbol id="sm-44f">
         <name>__TI_zero_init</name>
         <value>0x82d8d</value>
         <object_component_ref idref="oc-7c"/>
      </symbol>
      <symbol id="sm-45c">
         <name>__TI_decompress_none</name>
         <value>0x82d70</value>
         <object_component_ref idref="oc-23"/>
      </symbol>
      <symbol id="sm-470">
         <name>__TI_decompress_lzss</name>
         <value>0x82ac9</value>
         <object_component_ref idref="oc-1d"/>
      </symbol>
      <symbol id="sm-486">
         <name>C$$EXIT</name>
         <value>0x82b7a</value>
         <object_component_ref idref="oc-17a"/>
      </symbol>
      <symbol id="sm-487">
         <name>abort</name>
         <value>0x82b7a</value>
         <object_component_ref idref="oc-17a"/>
      </symbol>
      <symbol id="sm-488">
         <name>exit</name>
         <value>0x82b7c</value>
         <object_component_ref idref="oc-17a"/>
      </symbol>
      <symbol id="sm-489">
         <name>__TI_dtors_ptr</name>
         <value>0xb816</value>
         <object_component_ref idref="oc-223"/>
      </symbol>
      <symbol id="sm-48a">
         <name>__TI_cleanup_ptr</name>
         <value>0xb814</value>
         <object_component_ref idref="oc-223"/>
      </symbol>
      <symbol id="sm-48b">
         <name>__TI_enable_exit_profile_output</name>
         <value>0xb812</value>
         <object_component_ref idref="oc-223"/>
      </symbol>
      <symbol id="sm-4a2">
         <name>_nop</name>
         <value>0x82d6f</value>
         <object_component_ref idref="oc-290"/>
      </symbol>
      <symbol id="sm-4a3">
         <name>_lock</name>
         <value>0xb818</value>
         <object_component_ref idref="oc-226"/>
      </symbol>
      <symbol id="sm-4a4">
         <name>_unlock</name>
         <value>0xb81a</value>
         <object_component_ref idref="oc-2b7"/>
      </symbol>
      <symbol id="sm-4a5">
         <name>_register_lock</name>
         <value>0x82d6b</value>
         <object_component_ref idref="oc-290"/>
      </symbol>
      <symbol id="sm-4a6">
         <name>_register_unlock</name>
         <value>0x82d67</value>
         <object_component_ref idref="oc-290"/>
      </symbol>
      <symbol id="sm-4b5">
         <name>_args_main</name>
         <value>0x82d47</value>
         <object_component_ref idref="oc-174"/>
      </symbol>
      <symbol id="sm-4c4">
         <name>memset</name>
         <value>0x82d80</value>
         <object_component_ref idref="oc-bc"/>
      </symbol>
      <symbol id="sm-4d2">
         <name>_system_post_cinit</name>
         <value>0x82d95</value>
         <object_component_ref idref="oc-276"/>
      </symbol>
      <symbol id="sm-4ff">
         <name>MEP_SF</name>
         <value>0x12482</value>
         <object_component_ref idref="oc-1c5"/>
      </symbol>
      <symbol id="sm-500">
         <name>SFO_CAL</name>
         <value>0x1249a</value>
         <object_component_ref idref="oc-1c1"/>
      </symbol>
      <symbol id="sm-501">
         <name>SFO</name>
         <value>0x82402</value>
         <object_component_ref idref="oc-133"/>
      </symbol>
      <symbol id="sm-503">
         <name>__c_args__</name>
         <value>0x0</value>
      </symbol>
   </symbol_table>
   <title>Link successful</title>
</link_info>
